aleyesu "No Title"
aluhandra2 "No Title"
ara "Ara"
b_castle "castle_beta_03"
bloodrose "No Title"
bloodshrine "No Title"
calruin2 "The Calrian Ruins"
calruin2_old "The Calrian Ruins"
catacombs "No Title"
challs "No Title"
chapel "No Title"
char_recover "batbox"
cleicert "No Title"
cleicert_old "No Title"
daragoth "No Title"
demontemple "No Title"
deralia "No Title"
deralia_old "No Title"
deraliasewers "No Title"
dragooncaves "MM6 Dragoon Carverns"
edana "No Title"
edanasewers "No Title"
foutpost "No Title"
gatecity "No Title"
gertenheld_cape "No Title"
gertenheld_cape_old "No Title"
gertenheld_cave "No Title"
gertenheld_crypt "No Title"
gertenheld_forest "No Title"
gertenheld_forest2 "No Title"
gertenhell "No Title"
goblintown "No Title"
helena "Helena"
hemlock "No Title"
heras "No Title"
highlands_msc "high"
hunderswamp_north "No Title"
idemarks_tower "No Title"
island1 "No Title"
isle "No Title"
islesofdread1 "The Isles of Dread 1"
islesofdread2 "No Title"
islesofdread2_old "No Title"
keledrosprelude2 "No Title"
keledrosruins "No Title"
kfortress "No Title"
kroush "No Title"
lodagond-1 "No Title"
lodagond-2 "No Title"
lodagond-3 "No Title"
lodagond-4 "Lodagond Temple"
lostcastle_msc "Castle of the Lost"
lostcaverns "No Title"
lowlands "The Daragothian Lowlands"
m2_quest "No Title"
mines "No Title"
ms_snow "The Frozen Summit"
ms_soccer "No Title"
ms_underworldv2 "No Title"
ms_wicardoven "ms_wicardoven"
msc_tutorial "No Title"
mscave "No Title"
nashalrath "Nashalrath"
nightmare_edana "No Title"
nightmare_thornlands "A3"
oceancrossing "No Title"
old_helena "Helena"
orc_for "No Title"
orcplace2_beta "Orc Place by Crow (Opt by Thothie) spam@thothie.com"
phlames "No Title"
phobia "No Title"
sfor "No Title"
shad_palace "No Title"
shender_east "No Title"
skycastle "skycastle_rb1"
smugglers_cove "No Title"
sorc_villa "No Title"
test_scripts "No Title"
thanatos "Thanatos"
the_keep "The bandit's keep"
the_wall "No Title"
the_wall2 "No Title"
thornlands "A3"
thornlands_north "No Title"
tundra "No Title"
umulak "No Title"
undercliffs "No Title"
undermines "No Title"
underpath "No Title"
ww1 "No Title"
ww2b "No Title"
ww3d "No Title"
